Category: 📺央视频道, Name: CCTV-2, Total: 10, Valid: 10, Valid Percent: 100.00%, Whitelist: 0, IPv4: 10, IPv6: 0, Min Delay: 231 ms, Max Speed: 4.87 M/s, Avg Speed: 3.51 M/s, Max Resolution: 1920x1080
Category: 📺央视频道, Name: CCTV-3, Total: 13, Valid: 13, Valid Percent: 100.00%, Whitelist: 0, IPv4: 13, IPv6: 0, Min Delay: 58 ms, Max Speed: 78.63 M/s, Avg Speed: 26.64 M/s, Max Resolution: 1920x1080
Category: 📺央视频道, Name: CCTV-4, Total: 12, Valid: 12, Valid Percent: 100.00%, Whitelist: 0, IPv4: 12, IPv6: 0, Min Delay: 58 ms, Max Speed: 78.63 M/s, Avg Speed: 35.86 M/s, Max Resolution: 1920x1080
Category: 📺央视频道, Name: CCTV-5, Total: 26, Valid: 26, Valid Percent: 100.00%, Whitelist: 0, IPv4: 26, IPv6: 0, Min Delay: 58 ms, Max Speed: 78.63 M/s, Avg Speed: 17.01 M/s, Max Resolution: 1920x1080
Category: 📺央视频道, Name: CCTV-5+, Total: 9, Valid: 9, Valid Percent: 100.00%, Whitelist: 0, IPv4: 9, IPv6: 0, Min Delay: 259 ms, Max Speed: 10.41 M/s, Avg Speed: 2.33 M/s, Max Resolution: 1920x1080
Category: 📺央视频道, Name: CCTV-6, Total: 20, Valid: 20, Valid Percent: 100.00%, Whitelist: 0, IPv4: 20, IPv6: 0, Min Delay: 58 ms, Max Speed: 78.63 M/s, Avg Speed: 28.98 M/s, Max Resolution: 1920x1080
Category: 📺央视频道, Name: CCTV-7, Total: 20, Valid: 20, Valid Percent: 100.00%, Whitelist: 0, IPv4: 20, IPv6: 0, Min Delay: 58 ms, Max Speed: 78.63 M/s, Avg Speed: 28.85 M/s, Max Resolution: 1920x1080
Category: 📺央视频道, Name: CCTV-8, Total: 25, Valid: 25, Valid Percent: 100.00%, Whitelist: 0, IPv4: 25, IPv6: 0, Min Delay: 58 ms, Max Speed: 78.63 M/s, Avg Speed: 20.86 M/s, Max Resolution: 1920x1080
Category: 📺央视频道, Name: CCTV-9, Total: 23, Valid: 23, Valid Percent: 100.00%, Whitelist: 0, IPv4: 23, IPv6: 0, Min Delay: 58 ms, Max Speed: 78.63 M/s, Avg Speed: 25.79 M/s, Max Resolution: 1920x1080
Category: 📺央视频道, Name: CCTV-10, Total: 26, Valid: 26, Valid Percent: 100.00%, Whitelist: 0, IPv4: 26, IPv6: 0, Min Delay: 58 ms, Max Speed: 78.63 M/s, Avg Speed: 22.62 M/s, Max Resolution: 1920x1080
Category: 📺央视频道, Name: CCTV-11, Total: 20, Valid: 20, Valid Percent: 100.00%, Whitelist: 0, IPv4: 20, IPv6: 0, Min Delay: 58 ms, Max Speed: 78.63 M/s, Avg Speed: 25.31 M/s, Max Resolution: 1920x1080
Category: 📺央视频道, Name: CCTV-12, Total: 21, Valid: 21, Valid Percent: 100.00%, Whitelist: 0, IPv4: 21, IPv6: 0, Min Delay: 58 ms, Max Speed: 78.63 M/s, Avg Speed: 27.84 M/s, Max Resolution: 1920x1080
Category: 📺央视频道, Name: CCTV-13, Total: 19, Valid: 19, Valid Percent: 100.00%, Whitelist: 0, IPv4: 19, IPv6: 0, Min Delay: 58 ms, Max Speed: 78.63 M/s, Avg Speed: 30.54 M/s, Max Resolution: 1920x1080
Category: 📺央视频道, Name: CCTV-14, Total: 25, Valid: 25, Valid Percent: 100.00%, Whitelist: 0, IPv4: 22, IPv6: 3, Min Delay: 58 ms, Max Speed: 78.63 M/s, Avg Speed: 23.59 M/s, Max Resolution: 1920x1080
Category: 📺央视频道, Name: CCTV-15, Total: 23, Valid: 23, Valid Percent: 100.00%, Whitelist: 0, IPv4: 23, IPv6: 0, Min Delay: 58 ms, Max Speed: 78.63 M/s, Avg Speed: 25.45 M/s, Max Resolution: 1920x1080
Category: 📺央视频道, Name: CCTV-16, Total: 19, Valid: 19, Valid Percent: 100.00%, Whitelist: 0, IPv4: 19, IPv6: 0, Min Delay: 58 ms, Max Speed: 78.63 M/s, Avg Speed: 18.56 M/s, Max Resolution: 1920x1080
Category: 📺央视频道, Name: CCTV-17, Total: 20, Valid: 20, Valid Percent: 100.00%, Whitelist: 0, IPv4: 20, IPv6: 0, Min Delay: 58 ms, Max Speed: 78.63 M/s, Avg Speed: 29.17 M/s, Max Resolution: 1920x1080
Category: 📺央视频道, Name: CETV-1, Total: 10, Valid: 10, Valid Percent: 100.00%, Whitelist: 0, IPv4: 10, IPv6: 0, Min Delay: 259 ms, Max Speed: 13.87 M/s, Avg Speed: 4.15 M/s, Max Resolution: 1920x1080
Category: 📺央视频道, Name: CETV-2, Total: 5, Valid: 5, Valid Percent: 100.00%, Whitelist: 0, IPv4: 5, IPv6: 0, Min Delay: 259 ms, Max Speed: 13.87 M/s, Avg Speed: 3.91 M/s, Max Resolution: 1920x1080
Category: 📺央视频道, Name: CETV-3, Total: 6, Valid: 6, Valid Percent: 100.00%, Whitelist: 0, IPv4: 6, IPv6: 0, Min Delay: 259 ms, Max Speed: 13.87 M/s, Avg Speed: 5.00 M/s, Max Resolution: 1920x1080
Category: 📺央视频道, Name: CETV-4, Total: 5, Valid: 5, Valid Percent: 100.00%, Whitelist: 0, IPv4: 5, IPv6: 0, Min Delay: 259 ms, Max Speed: 13.87 M/s, Avg Speed: 3.91 M/s, Max Resolution: 1920x1080
Category: 💰央视付费频道, Name: 文化精品, Total: 9, Valid: 9, Valid Percent: 100.00%, Whitelist: 0, IPv4: 9, IPv6: 0, Min Delay: 58 ms, Max Speed: 78.63 M/s, Avg Speed: 20.12 M/s, Max Resolution: 1920x1080
Category: 💰央视付费频道, Name: 央视台球, Total: 5, Valid: 5, Valid Percent: 100.00%, Whitelist: 0, IPv4: 5, IPv6: 0, Min Delay: 259 ms, Max Speed: 10.41 M/s, Avg Speed: 3.86 M/s, Max Resolution: 1920x1080
Category: 💰央视付费频道, Name: 风云音乐, Total: 7, Valid: 7, Valid Percent: 100.00%, Whitelist: 0, IPv4: 7, IPv6: 0, Min Delay: 58 ms, Max Speed: 78.63 M/s, Avg Speed: 25.22 M/s, Max Resolution: 1920x1080
Category: 💰央视付费频道, Name: 第一剧场, Total: 10, Valid: 10, Valid Percent: 100.00%, Whitelist: 0, IPv4: 10, IPv6: 0, Min Delay: 58 ms, Max Speed: 78.63 M/s, Avg Speed: 18.01 M/s, Max Resolution: 1920x1080
Category: 💰央视付费频道, Name: 风云剧场, Total: 9, Valid: 9, Valid Percent: 100.00%, Whitelist: 0, IPv4: 9, IPv6: 0, Min Delay: 58 ms, Max Speed: 78.63 M/s, Avg Speed: 20.00 M/s, Max Resolution: 1920x1080
Category: 💰央视付费频道, Name: 怀旧剧场, Total: 8, Valid: 8, Valid Percent: 100.00%, Whitelist: 0, IPv4: 8, IPv6: 0, Min Delay: 58 ms, Max Speed: 78.63 M/s, Avg Speed: 22.50 M/s, Max Resolution: 1920x1080
Category: 💰央视付费频道, Name: 女性时尚, Total: 7, Valid: 7, Valid Percent: 100.00%, Whitelist: 0, IPv4: 7, IPv6: 0, Min Delay: 58 ms, Max Speed: 78.63 M/s, Avg Speed: 23.89 M/s, Max Resolution: 1920x1080
Category: 💰央视付费频道, Name: 高尔夫网球, Total: 5, Valid: 5, Valid Percent: 100.00%, Whitelist: 0, IPv4: 5, IPv6: 0, Min Delay: 259 ms, Max Speed: 4.50 M/s, Avg Speed: 2.46 M/s, Max Resolution: 1280x720
Category: 💰央视付费频道, Name: 风云足球, Total: 6, Valid: 6, Valid Percent: 100.00%, Whitelist: 0, IPv4: 6, IPv6: 0, Min Delay: 259 ms, Max Speed: 10.41 M/s, Avg Speed: 3.79 M/s, Max Resolution: 1920x1080
Category: 💰央视付费频道, Name: 电视指南, Total: 2, Valid: 2, Valid Percent: 100.00%, Whitelist: 0, IPv4: 2, IPv6: 0, Min Delay: 259 ms, Max Speed: 4.50 M/s, Avg Speed: 2.40 M/s, Max Resolution: 1280x720
Category: 💰央视付费频道, Name: 世界地理, Total: 5, Valid: 5, Valid Percent: 100.00%, Whitelist: 0, IPv4: 5, IPv6: 0, Min Delay: 259 ms, Max Speed: 10.41 M/s, Avg Speed: 3.38 M/s, Max Resolution: 1920x1080
Category: 💰央视付费频道, Name: 兵器科技, Total: 7, Valid: 7, Valid Percent: 100.00%, Whitelist: 0, IPv4: 7, IPv6: 0, Min Delay: 58 ms, Max Speed: 78.63 M/s, Avg Speed: 23.78 M/s, Max Resolution: 1920x1080
Category: 📡卫视频道, Name: 广东卫视, Total: 13, Valid: 13, Valid Percent: 100.00%, Whitelist: 0, IPv4: 13, IPv6: 0, Min Delay: 58 ms, Max Speed: 78.63 M/s, Avg Speed: 38.07 M/s, Max Resolution: 1920x1080
Category: 📡卫视频道, Name: 浙江卫视, Total: 17, Valid: 17, Valid Percent: 100.00%, Whitelist: 0, IPv4: 17, IPv6: 0, Min Delay: 58 ms, Max Speed: 78.63 M/s, Avg Speed: 29.44 M/s, Max Resolution: 1920x1080
Category: 📡卫视频道, Name: 湖南卫视, Total: 24, Valid: 24, Valid Percent: 100.00%, Whitelist: 0, IPv4: 24, IPv6: 0, Min Delay: 58 ms, Max Speed: 78.63 M/s, Avg Speed: 24.99 M/s, Max Resolution: 1920x1080
Category: 📡卫视频道, Name: 北京卫视, Total: 17, Valid: 17, Valid Percent: 100.00%, Whitelist: 0, IPv4: 17, IPv6: 0, Min Delay: 58 ms, Max Speed: 78.63 M/s, Avg Speed: 29.26 M/s, Max Resolution: 1920x1080
Category: 📡卫视频道, Name: 湖北卫视, Total: 16, Valid: 16, Valid Percent: 100.00%, Whitelist: 0, IPv4: 16, IPv6: 0, Min Delay: 58 ms, Max Speed: 78.63 M/s, Avg Speed: 35.62 M/s, Max Resolution: 1920x1080
Category: 📡卫视频道, Name: 黑龙江卫视, Total: 15, Valid: 15, Valid Percent: 100.00%, Whitelist: 0, IPv4: 15, IPv6: 0, Min Delay: 58 ms, Max Speed: 78.63 M/s, Avg Speed: 37.98 M/s, Max Resolution: 1920x1080
Category: 📡卫视频道, Name: 安徽卫视, Total: 16, Valid: 16, Valid Percent: 100.00%, Whitelist: 0, IPv4: 16, IPv6: 0, Min Delay: 58 ms, Max Speed: 78.63 M/s, Avg Speed: 35.94 M/s, Max Resolution: 1920x1080
Category: 📡卫视频道, Name: 重庆卫视, Total: 17, Valid: 17, Valid Percent: 100.00%, Whitelist: 0, IPv4: 17, IPv6: 0, Min Delay: 58 ms, Max Speed: 78.63 M/s, Avg Speed: 38.15 M/s, Max Resolution: 1920x1080
Category: 📡卫视频道, Name: 东方卫视, Total: 19, Valid: 19, Valid Percent: 100.00%, Whitelist: 0, IPv4: 19, IPv6: 0, Min Delay: 58 ms, Max Speed: 78.63 M/s, Avg Speed: 34.65 M/s, Max Resolution: 1920x1080
Category: 📡卫视频道, Name: 东南卫视, Total: 16, Valid: 16, Valid Percent: 100.00%, Whitelist: 0, IPv4: 16, IPv6: 0, Min Delay: 58 ms, Max Speed: 78.63 M/s, Avg Speed: 45.29 M/s, Max Resolution: 1920x1080
Category: 📡卫视频道, Name: 甘肃卫视, Total: 11, Valid: 11, Valid Percent: 100.00%, Whitelist: 0, IPv4: 11, IPv6: 0, Min Delay: 58 ms, Max Speed: 78.63 M/s, Avg Speed: 50.63 M/s, Max Resolution: 1920x1080
Category: 📡卫视频道, Name: 广西卫视, Total: 16, Valid: 15, Valid Percent: 93.75%, Whitelist: 0, IPv4: 16, IPv6: 0, Min Delay: 58 ms, Max Speed: 78.63 M/s, Avg Speed: 48.28 M/s, Max Resolution: 1920x1080
Category: 📡卫视频道, Name: 贵州卫视, Total: 17, Valid: 17, Valid Percent: 100.00%, Whitelist: 0, IPv4: 17, IPv6: 0, Min Delay: 58 ms, Max Speed: 78.63 M/s, Avg Speed: 47.30 M/s, Max Resolution: 1920x1080
Category: 📡卫视频道, Name: 海南卫视, Total: 11, Valid: 11, Valid Percent: 100.00%, Whitelist: 0, IPv4: 11, IPv6: 0, Min Delay: 58 ms, Max Speed: 78.63 M/s, Avg Speed: 50.30 M/s, Max Resolution: 1920x1080
Category: 📡卫视频道, Name: 河北卫视, Total: 18, Valid: 18, Valid Percent: 100.00%, Whitelist: 0, IPv4: 18, IPv6: 0, Min Delay: 58 ms, Max Speed: 78.63 M/s, Avg Speed: 40.58 M/s, Max Resolution: 1920x1080
Category: 📡卫视频道, Name: 河南卫视, Total: 19, Valid: 19, Valid Percent: 100.00%, Whitelist: 0, IPv4: 19, IPv6: 0, Min Delay: 58 ms, Max Speed: 78.63 M/s, Avg Speed: 42.68 M/s, Max Resolution: 1920x1080
Category: 📡卫视频道, Name: 吉林卫视, Total: 13, Valid: 13, Valid Percent: 100.00%, Whitelist: 0, IPv4: 13, IPv6: 0, Min Delay: 58 ms, Max Speed: 78.63 M/s, Avg Speed: 37.66 M/s, Max Resolution: 1920x1080
Category: 📡卫视频道, Name: 江苏卫视, Total: 18, Valid: 18, Valid Percent: 100.00%, Whitelist: 0, IPv4: 18, IPv6: 0, Min Delay: 58 ms, Max Speed: 78.63 M/s, Avg Speed: 32.21 M/s, Max Resolution: 1920x1080
Category: 📡卫视频道, Name: 江西卫视, Total: 15, Valid: 15, Valid Percent: 100.00%, Whitelist: 0, IPv4: 15, IPv6: 0, Min Delay: 58 ms, Max Speed: 78.63 M/s, Avg Speed: 37.98 M/s, Max Resolution: 1920x1080
Category: 📡卫视频道, Name: 辽宁卫视, Total: 16, Valid: 16, Valid Percent: 100.00%, Whitelist: 0, IPv4: 16, IPv6: 0, Min Delay: 58 ms, Max Speed: 78.63 M/s, Avg Speed: 40.45 M/s, Max Resolution: 1920x1080
Category: 📡卫视频道, Name: 内蒙古卫视, Total: 15, Valid: 15, Valid Percent: 100.00%, Whitelist: 0, IPv4: 14, IPv6: 1, Min Delay: 58 ms, Max Speed: 78.63 M/s, Avg Speed: 27.65 M/s, Max Resolution: 1920x1080
Category: 📡卫视频道, Name: 宁夏卫视, Total: 13, Valid: 13, Valid Percent: 100.00%, Whitelist: 0, IPv4: 13, IPv6: 0, Min Delay: 58 ms, Max Speed: 78.63 M/s, Avg Speed: 37.97 M/s, Max Resolution: 1920x1080
Category: 📡卫视频道, Name: 青海卫视, Total: 18, Valid: 18, Valid Percent: 100.00%, Whitelist: 0, IPv4: 16, IPv6: 2, Min Delay: 58 ms, Max Speed: 78.63 M/s, Avg Speed: 36.09 M/s, Max Resolution: 1920x1080
Category: 📡卫视频道, Name: 山东卫视, Total: 16, Valid: 16, Valid Percent: 100.00%, Whitelist: 0, IPv4: 16, IPv6: 0, Min Delay: 58 ms, Max Speed: 78.63 M/s, Avg Speed: 35.75 M/s, Max Resolution: 1920x1080
Category: 📡卫视频道, Name: 山西卫视, Total: 12, Valid: 12, Valid Percent: 100.00%, Whitelist: 0, IPv4: 12, IPv6: 0, Min Delay: 58 ms, Max Speed: 78.63 M/s, Avg Speed: 34.33 M/s, Max Resolution: 1920x1080
Category: 📡卫视频道, Name: 陕西卫视, Total: 12, Valid: 12, Valid Percent: 100.00%, Whitelist: 0, IPv4: 12, IPv6: 0, Min Delay: 58 ms, Max Speed: 78.63 M/s, Avg Speed: 21.29 M/s, Max Resolution: 1920x1080
Category: 📡卫视频道, Name: 四川卫视, Total: 20, Valid: 20, Valid Percent: 100.00%, Whitelist: 0, IPv4: 20, IPv6: 0, Min Delay: 58 ms, Max Speed: 78.63 M/s, Avg Speed: 40.31 M/s, Max Resolution: 1920x1080
Category: 📡卫视频道, Name: 深圳卫视, Total: 18, Valid: 18, Valid Percent: 100.00%, Whitelist: 0, IPv4: 18, IPv6: 0, Min Delay: 58 ms, Max Speed: 78.63 M/s, Avg Speed: 31.98 M/s, Max Resolution: 1920x1080
Category: 📡卫视频道, Name: 三沙卫视, Total: 11, Valid: 11, Valid Percent: 100.00%, Whitelist: 0, IPv4: 11, IPv6: 0, Min Delay: 58 ms, Max Speed: 78.63 M/s, Avg Speed: 44.35 M/s, Max Resolution: 1920x1080
Category: 📡卫视频道, Name: 天津卫视, Total: 14, Valid: 14, Valid Percent: 100.00%, Whitelist: 0, IPv4: 14, IPv6: 0, Min Delay: 58 ms, Max Speed: 78.63 M/s, Avg Speed: 35.16 M/s, Max Resolution: 1920x1080
Category: 📡卫视频道, Name: 西藏卫视, Total: 14, Valid: 14, Valid Percent: 100.00%, Whitelist: 0, IPv4: 12, IPv6: 2, Min Delay: 58 ms, Max Speed: 78.63 M/s, Avg Speed: 29.45 M/s, Max Resolution: 1920x1080
Category: 📡卫视频道, Name: 新疆卫视, Total: 15, Valid: 15, Valid Percent: 100.00%, Whitelist: 0, IPv4: 14, IPv6: 1, Min Delay: 58 ms, Max Speed: 78.63 M/s, Avg Speed: 27.55 M/s, Max Resolution: 1920x1080
Category: 📡卫视频道, Name: 云南卫视, Total: 18, Valid: 18, Valid Percent: 100.00%, Whitelist: 0, IPv4: 17, IPv6: 1, Min Delay: 58 ms, Max Speed: 78.63 M/s, Avg Speed: 40.36 M/s, Max Resolution: 1920x1080
Category: ☘️广东频道, Name: 广东珠江, Total: 10, Valid: 10, Valid Percent: 100.00%, Whitelist: 0, IPv4: 7, IPv6: 3, Min Delay: 231 ms, Max Speed: 10.41 M/s, Avg Speed: 3.39 M/s, Max Resolution: 1920x1080
Category: ☘️广东频道, Name: 广东体育, Total: 8, Valid: 8, Valid Percent: 100.00%, Whitelist: 0, IPv4: 4, IPv6: 4, Min Delay: 231 ms, Max Speed: 21.13 M/s, Avg Speed: 7.92 M/s, Max Resolution: 1920x1080
Category: ☘️广东频道, Name: 广东新闻, Total: 6, Valid: 6, Valid Percent: 100.00%, Whitelist: 0, IPv4: 5, IPv6: 1, Min Delay: 64 ms, Max Speed: 7.46 M/s, Avg Speed: 3.19 M/s, Max Resolution: 1920x1080
Category: ☘️广东频道, Name: 广东卫视, Total: 13, Valid: 13, Valid Percent: 100.00%, Whitelist: 0, IPv4: 13, IPv6: 0, Min Delay: 58 ms, Max Speed: 78.63 M/s, Avg Speed: 38.07 M/s, Max Resolution: 1920x1080
Category: ☘️广东频道, Name: 广东民生, Total: 2, Valid: 2, Valid Percent: 100.00%, Whitelist: 0, IPv4: 2, IPv6: 0, Min Delay: 12744 ms, Max Speed: 0.30 M/s, Avg Speed: 0.30 M/s, Max Resolution: 1280x720
Category: ☘️广东频道, Name: 大湾区卫视, Total: 5, Valid: 5, Valid Percent: 100.00%, Whitelist: 0, IPv4: 4, IPv6: 1, Min Delay: 259 ms, Max Speed: 10.41 M/s, Avg Speed: 3.24 M/s, Max Resolution: 1920x1080
Category: ☘️广东频道, Name: 广州综合, Total: 10, Valid: 10, Valid Percent: 100.00%, Whitelist: 0, IPv4: 9, IPv6: 1, Min Delay: 1712 ms, Max Speed: 0.52 M/s, Avg Speed: 0.31 M/s, Max Resolution: 1920x1080
Category: ☘️广东频道, Name: 广州影视, Total: 3, Valid: 3, Valid Percent: 100.00%, Whitelist: 0, IPv4: 2, IPv6: 1, Min Delay: 1997 ms, Max Speed: 0.52 M/s, Avg Speed: 0.35 M/s, Max Resolution: 1920x1080
Category: ☘️广东频道, Name: 广州竞赛, Total: 5, Valid: 5, Valid Percent: 100.00%, Whitelist: 0, IPv4: 4, IPv6: 1, Min Delay: 1997 ms, Max Speed: 0.52 M/s, Avg Speed: 0.32 M/s, Max Resolution: 1920x1080
Category: ☘️广东频道, Name: 深圳卫视, Total: 18, Valid: 18, Valid Percent: 100.00%, Whitelist: 0, IPv4: 18, IPv6: 0, Min Delay: 58 ms, Max Speed: 78.63 M/s, Avg Speed: 31.98 M/s, Max Resolution: 1920x1080
Category: 🌊港·澳·台, Name: 翡翠台, Total: 17, Valid: 14, Valid Percent: 82.35%, Whitelist: 0, IPv4: 4, IPv6: 13, Min Delay: 631 ms, Max Speed: 7.46 M/s, Avg Speed: 1.02 M/s, Max Resolution: 1920x1080
Category: 🌊港·澳·台, Name: 凤凰中文, Total: 12, Valid: 12, Valid Percent: 100.00%, Whitelist: 0, IPv4: 6, IPv6: 6, Min Delay: 464 ms, Max Speed: 0.52 M/s, Avg Speed: 0.31 M/s, Max Resolution: 1920x1080
Category: 🌊港·澳·台, Name: 凤凰资讯, Total: 14, Valid: 14, Valid Percent: 100.00%, Whitelist: 0, IPv4: 8, IPv6: 6, Min Delay: 231 ms, Max Speed: 4.87 M/s, Avg Speed: 0.65 M/s, Max Resolution: 1920x1080
Category: 🌊港·澳·台, Name: 凤凰香港, Total: 10, Valid: 10, Valid Percent: 100.00%, Whitelist: 0, IPv4: 4, IPv6: 6, Min Delay: 231 ms, Max Speed: 4.87 M/s, Avg Speed: 0.83 M/s, Max Resolution: 1920x1080
Category: 🌊港·澳·台, Name: TVBS亚洲, Total: 8, Valid: 8, Valid Percent: 100.00%, Whitelist: 0, IPv4: 6, IPv6: 2, Min Delay: 388 ms, Max Speed: 6.69 M/s, Avg Speed: 2.29 M/s, Max Resolution: 1920x1080
Category: 🌊港·澳·台, Name: 纬来体育, Total: 7, Valid: 4, Valid Percent: 57.14%, Whitelist: 0, IPv4: 4, IPv6: 3, Min Delay: 1135 ms, Max Speed: 0.55 M/s, Avg Speed: 0.46 M/s, Max Resolution: 1920x1080
Category: 🌊港·澳·台, Name: 纬来育乐, Total: 1, Valid: 1, Valid Percent: 100.00%, Whitelist: 0, IPv4: 1, IPv6: 0, Min Delay: 1135 ms, Max Speed: 0.18 M/s, Avg Speed: 0.18 M/s, Max Resolution: 1440x1080
Category: 🌊港·澳·台, Name: 东森超视, Total: 2, Valid: 2, Valid Percent: 100.00%, Whitelist: 0, IPv4: 2, IPv6: 0, Min Delay: 3516 ms, Max Speed: 0.82 M/s, Avg Speed: 0.82 M/s, Max Resolution: 1920x1080
Category: 🎬电影频道, Name: CHC家庭影院, Total: 7, Valid: 7, Valid Percent: 100.00%, Whitelist: 0, IPv4: 7, IPv6: 0, Min Delay: 58 ms, Max Speed: 78.63 M/s, Avg Speed: 24.85 M/s, Max Resolution: 1920x1080
Category: 🎬电影频道, Name: CHC动作电影, Total: 6, Valid: 6, Valid Percent: 100.00%, Whitelist: 0, IPv4: 6, IPv6: 0, Min Delay: 58 ms, Max Speed: 78.63 M/s, Avg Speed: 28.25 M/s, Max Resolution: 1920x1080
Category: 🎬电影频道, Name: CHC高清电影, Total: 10, Valid: 4, Valid Percent: 40.00%, Whitelist: 0, IPv4: 10, IPv6: 0, Min Delay: 12003 ms, Max Speed: 0.28 M/s, Avg Speed: 0.23 M/s, Max Resolution: 1920x1080
Category: 🎬电影频道, Name: 淘剧场, Total: 2, Valid: 2, Valid Percent: 100.00%, Whitelist: 0, IPv4: 2, IPv6: 0, Min Delay: 662 ms, Max Speed: 0.33 M/s, Avg Speed: 0.33 M/s, Max Resolution: 1920x1080
Category: 🎬电影频道, Name: 淘娱乐, Total: 1, Valid: 1, Valid Percent: 100.00%, Whitelist: 0, IPv4: 1, IPv6: 0, Min Delay: 662 ms, Max Speed: 0.33 M/s, Avg Speed: 0.33 M/s, Max Resolution: 1920x1080
Category: 🎬电影频道, Name: NewTV惊悚悬疑, Total: 3, Valid: 3, Valid Percent: 100.00%, Whitelist: 0, IPv4: 2, IPv6: 1, Min Delay: 58 ms, Max Speed: 78.63 M/s, Avg Speed: 52.59 M/s, Max Resolution: 1920x1080
Category: 🎬电影频道, Name: 纬来电影, Total: 4, Valid: 4, Valid Percent: 100.00%, Whitelist: 0, IPv4: 4, IPv6: 0, Min Delay: 490 ms, Max Speed: 0.18 M/s, Avg Speed: 0.17 M/s, Max Resolution: 1920x1080
Category: 🎬电影频道, Name: 靖天映画, Total: 4, Valid: 4, Valid Percent: 100.00%, Whitelist: 0, IPv4: 4, IPv6: 0, Min Delay: 490 ms, Max Speed: 0.17 M/s, Avg Speed: 0.17 M/s, Max Resolution: 1920x1080
Category: 🎬电影频道, Name: 靖天戏剧, Total: 4, Valid: 4, Valid Percent: 100.00%, Whitelist: 0, IPv4: 4, IPv6: 0, Min Delay: 490 ms, Max Speed: 0.17 M/s, Avg Speed: 0.17 M/s, Max Resolution: 1920x1080
Category: 🎬电影频道, Name: 经典电影, Total: 1, Valid: 1, Valid Percent: 100.00%, Whitelist: 0, IPv4: 1, IPv6: 0, Min Delay: 438 ms, Max Speed: 5.16 M/s, Avg Speed: 5.16 M/s, Max Resolution: 1280x720
Category: 🎬电影频道, Name: IPTV经典电影, Total: 2, Valid: 2, Valid Percent: 100.00%, Whitelist: 0, IPv4: 2, IPv6: 0, Min Delay: 448 ms, Max Speed: 0.28 M/s, Avg Speed: 0.28 M/s, Max Resolution: 1920x1080
Category: 🎬电影频道, Name: 天映经典, Total: 7, Valid: 7, Valid Percent: 100.00%, Whitelist: 0, IPv4: 2, IPv6: 5, Min Delay: 631 ms, Max Speed: 21.13 M/s, Avg Speed: 4.36 M/s, Max Resolution: 1920x1080
Category: 🎬电影频道, Name: 龙祥电影, Total: 5, Valid: 5, Valid Percent: 100.00%, Whitelist: 0, IPv4: 5, IPv6: 0, Min Delay: 490 ms, Max Speed: 0.18 M/s, Avg Speed: 0.17 M/s, Max Resolution: 1920x1080
Category: 🎬电影频道, Name: 东森洋片, Total: 10, Valid: 10, Valid Percent: 100.00%, Whitelist: 0, IPv4: 10, IPv6: 0, Min Delay: 490 ms, Max Speed: 0.18 M/s, Avg Speed: 0.17 M/s, Max Resolution: 1920x1080
Category: 🎬电影频道, Name: 东森超视, Total: 2, Valid: 2, Valid Percent: 100.00%, Whitelist: 0, IPv4: 2, IPv6: 0, Min Delay: 3516 ms, Max Speed: 0.82 M/s, Avg Speed: 0.82 M/s, Max Resolution: 1920x1080
Category: 🏀体育频道, Name: CCTV-5, Total: 24, Valid: 24, Valid Percent: 100.00%, Whitelist: 0, IPv4: 24, IPv6: 0, Min Delay: 58 ms, Max Speed: 78.63 M/s, Avg Speed: 18.40 M/s, Max Resolution: 1920x1080
Category: 🏀体育频道, Name: CCTV-5+, Total: 8, Valid: 8, Valid Percent: 100.00%, Whitelist: 0, IPv4: 8, IPv6: 0, Min Delay: 259 ms, Max Speed: 10.41 M/s, Avg Speed: 2.54 M/s, Max Resolution: 1920x1080
Category: 🏀体育频道, Name: 广东体育, Total: 7, Valid: 7, Valid Percent: 100.00%, Whitelist: 0, IPv4: 4, IPv6: 3, Min Delay: 231 ms, Max Speed: 21.13 M/s, Avg Speed: 6.04 M/s, Max Resolution: 1920x1080
Category: 🏀体育频道, Name: 纬来体育, Total: 3, Valid: 3, Valid Percent: 100.00%, Whitelist: 0, IPv4: 1, IPv6: 2, Min Delay: 1135 ms, Max Speed: 0.55 M/s, Avg Speed: 0.43 M/s, Max Resolution: 1920x1080
Category: 🏀体育频道, Name: 五星体育, Total: 3, Valid: 3, Valid Percent: 100.00%, Whitelist: 0, IPv4: 2, IPv6: 1, Min Delay: 259 ms, Max Speed: 21.13 M/s, Avg Speed: 8.64 M/s, Max Resolution: 1920x1080
Category: 🏀体育频道, Name: 广州竞赛, Total: 5, Valid: 5, Valid Percent: 100.00%, Whitelist: 0, IPv4: 4, IPv6: 1, Min Delay: 1997 ms, Max Speed: 0.52 M/s, Avg Speed: 0.32 M/s, Max Resolution: 1920x1080
Category: 🏀体育频道, Name: 山东体育, Total: 1, Valid: 1, Valid Percent: 100.00%, Whitelist: 0, IPv4: 1, IPv6: 0, Min Delay: 64 ms, Max Speed: 1.46 M/s, Avg Speed: 1.46 M/s, Max Resolution: None
Category: 🏀体育频道, Name: 天津体育, Total: 4, Valid: 4, Valid Percent: 100.00%, Whitelist: 0, IPv4: 4, IPv6: 0, Min Delay: 259 ms, Max Speed: 13.87 M/s, Avg Speed: 4.74 M/s, Max Resolution: 1920x1080
Category: 🏀体育频道, Name: 风云足球, Total: 6, Valid: 6, Valid Percent: 100.00%, Whitelist: 0, IPv4: 6, IPv6: 0, Min Delay: 259 ms, Max Speed: 10.41 M/s, Avg Speed: 3.79 M/s, Max Resolution: 1920x1080
Category: 🏀体育频道, Name: 天元围棋, Total: 2, Valid: 2, Valid Percent: 100.00%, Whitelist: 0, IPv4: 2, IPv6: 0, Min Delay: 259 ms, Max Speed: 4.50 M/s, Avg Speed: 2.47 M/s, Max Resolution: 1920x1080
Category: 🏀体育频道, Name: JJ斗地主, Total: 4, Valid: 4, Valid Percent: 100.00%, Whitelist: 0, IPv4: 4, IPv6: 0, Min Delay: 366 ms, Max Speed: 0.16 M/s, Avg Speed: 0.15 M/s, Max Resolution: 1920x1080
Category: 🎵音乐频道, Name: CCTV-15, Total: 23, Valid: 23, Valid Percent: 100.00%, Whitelist: 0, IPv4: 23, IPv6: 0, Min Delay: 58 ms, Max Speed: 78.63 M/s, Avg Speed: 25.45 M/s, Max Resolution: 1920x1080
Category: 🎵音乐频道, Name: 风云音乐, Total: 7, Valid: 7, Valid Percent: 100.00%, Whitelist: 0, IPv4: 7, IPv6: 0, Min Delay: 58 ms, Max Speed: 78.63 M/s, Avg Speed: 25.22 M/s, Max Resolution: 1920x1080
Category: 🎵音乐频道, Name: 音乐现场, Total: 3, Valid: 3, Valid Percent: 100.00%, Whitelist: 0, IPv4: 3, IPv6: 0, Min Delay: 64 ms, Max Speed: 1.46 M/s, Avg Speed: 1.26 M/s, Max Resolution: None
Category: 🎵音乐频道, Name: 音乐之声, Total: 2, Valid: 2, Valid Percent: 100.00%, Whitelist: 0, IPv4: 2, IPv6: 0, Min Delay: 64 ms, Max Speed: 1.46 M/s, Avg Speed: 1.31 M/s, Max Resolution: None
Category: 🎵音乐频道, Name: 潮流音乐, Total: 2, Valid: 2, Valid Percent: 100.00%, Whitelist: 0, IPv4: 2, IPv6: 0, Min Delay: 5708 ms, Max Speed: 0.08 M/s, Avg Speed: 0.08 M/s, Max Resolution: None
Category: 🏛经典剧场, Name: 笑傲江湖, Total: 8, Valid: 8, Valid Percent: 100.00%, Whitelist: 0, IPv4: 2, IPv6: 6, Min Delay: 26 ms, Max Speed: 73.11 M/s, Avg Speed: 18.43 M/s, Max Resolution: 720x540
Category: 🏛经典剧场, Name: 天龙八部, Total: 3, Valid: 3, Valid Percent: 100.00%, Whitelist: 0, IPv4: 3, IPv6: 0, Min Delay: 226 ms, Max Speed: 12.72 M/s, Avg Speed: 10.20 M/s, Max Resolution: 720x1280
Category: 🏛经典剧场, Name: 鹿鼎记, Total: 2, Valid: 2, Valid Percent: 100.00%, Whitelist: 0, IPv4: 2, IPv6: 0, Min Delay: 1332 ms, Max Speed: 3.43 M/s, Avg Speed: 3.43 M/s, Max Resolution: 1920x1080
Category: 🏛经典剧场, Name: 西游记, Total: 1, Valid: 1, Valid Percent: 100.00%, Whitelist: 0, IPv4: 1, IPv6: 0, Min Delay: 231 ms, Max Speed: 4.87 M/s, Avg Speed: 4.87 M/s, Max Resolution: 1280x720
Category: 🏛经典剧场, Name: 水浒传, Total: 2, Valid: 2, Valid Percent: 100.00%, Whitelist: 0, IPv4: 1, IPv6: 1, Min Delay: 231 ms, Max Speed: 4.87 M/s, Avg Speed: 2.53 M/s, Max Resolution: 1280x720
Category: 🏛经典剧场, Name: 闯关东, Total: 1, Valid: 1, Valid Percent: 100.00%, Whitelist: 0, IPv4: 1, IPv6: 0, Min Delay: 231 ms, Max Speed: 4.87 M/s, Avg Speed: 4.87 M/s, Max Resolution: 1280x720
Category: 🏛经典剧场, Name: 上海滩, Total: 2, Valid: 2, Valid Percent: 100.00%, Whitelist: 0, IPv4: 1, IPv6: 1, Min Delay: 438 ms, Max Speed: 5.16 M/s, Avg Speed: 4.29 M/s, Max Resolution: 1920x1080
